128:✔ automatic finish decision: failed with missing result (2091.991389ms)
129:✔ automatic finish decision: failed with "" result (2335.349955ms)
130:✔ automatic finish decision: failed with " \n\t" result (2250.826266ms)
131:✔ automatic finish decision: failed with "Failure investigated; see committed repair." result (1559.867315ms)
132:✔ automatic finish decision: failed with "unreadable" result (1432.060678ms)
133:✔ automatic finish decision: stopped with missing result (2038.556959ms)
134:✔ automatic finish decision: stopped with "" result (1903.283906ms)
135:✔ automatic finish decision: stopped with " \n\t" result (2148.846877ms)
136:✔ automatic finish decision: stopped with "Failure investigated; see committed repair." result (1442.913711ms)
137:✔ automatic finish decision: stopped with "unreadable" result (1535.314816ms)
138:✔ automatic finish decision: done with missing result (1441.864194ms)
139:✔ automatic finish decision: done with "" result (1449.834891ms)
140:✔ automatic finish decision: done with " \n\t" result (1558.564294ms)
141:✔ automatic finish decision: done with "Failure investigated; see committed repair." result (1403.980544ms)
142:✔ automatic finish decision: done with "unreadable" result (1377.678547ms)
143:✔ second job at the same recorded tip skips automatic ping (1473.751467ms)
144:✔ a job that settles at a different recorded tip still sends (996.274972ms)
145:✔ empty failed skip does not quiet a later job at the same tip (910.751985ms)
146:✔ concurrent jobs at the same recorded tip send at most once (766.297276ms)
147:✔ two detached jobs that settle at the same HEAD send one automatic ping (1981.210446ms)
148:✔ a detached job that commits still sends after another job at the previous tip (2154.421053ms)
167:✔ continuation retains only its parent's config path even when the caller selects another destination (1881.182724ms)
